$ dotnet --version
11.0.100-preview.6.26359.118

$ dotnet restore
  Determining projects to restore...
  Restored /Users/shiki/.no-mistakes/worktrees/b6147a1cfc26/01KZ6B1K8VSGFF5WNVFC4H2RFW/src/Vexel.Telegram.Generators/Vexel.Telegram.Generators.csproj (in 93 ms).
  Restored /Users/shiki/.no-mistakes/worktrees/b6147a1cfc26/01KZ6B1K8VSGFF5WNVFC4H2RFW/src/Vexel.Telegram.Client/Vexel.Telegram.Client.csproj (in 93 ms).
  Restored /Users/shiki/.no-mistakes/worktrees/b6147a1cfc26/01KZ6B1K8VSGFF5WNVFC4H2RFW/src/Vexel.Telegram.Handlers/Vexel.Telegram.Handlers.csproj (in 93 ms).
  Restored /Users/shiki/.no-mistakes/worktrees/b6147a1cfc26/01KZ6B1K8VSGFF5WNVFC4H2RFW/src/Vexel.Telegram.Hosting/Vexel.Telegram.Hosting.csproj (in 93 ms).
  Restored /Users/shiki/.no-mistakes/worktrees/b6147a1cfc26/01KZ6B1K8VSGFF5WNVFC4H2RFW/src/Vexel.Telegram/Vexel.Telegram.csproj (in 93 ms).

$ dotnet build -c Release --no-restore
/Users/shiki/.local/share/mise/dotnet-root/sdk/11.0.100-preview.6.26359.118/Sdks/Microsoft.NET.Sdk/targets/Microsoft.NET.RuntimeIdentifierInference.targets(385,5): message NETSDK1057: You are using a preview version of .NET. See: https://aka.ms/dotnet-support-policy [/Users/shiki/.no-mistakes/worktrees/b6147a1cfc26/01KZ6B1K8VSGFF5WNVFC4H2RFW/src/Vexel.Telegram.Client/Vexel.Telegram.Client.csproj::TargetFramework=net8.0]
/Users/shiki/.local/share/mise/dotnet-root/sdk/11.0.100-preview.6.26359.118/Sdks/Microsoft.NET.Sdk/targets/Microsoft.NET.RuntimeIdentifierInference.targets(385,5): message NETSDK1057: You are using a preview version of .NET. See: https://aka.ms/dotnet-support-policy [/Users/shiki/.no-mistakes/worktrees/b6147a1cfc26/01KZ6B1K8VSGFF5WNVFC4H2RFW/src/Vexel.Telegram.Handlers/Vexel.Telegram.Handlers.csproj::TargetFramework=net8.0]
/Users/shiki/.local/share/mise/dotnet-root/sdk/11.0.100-preview.6.26359.118/Sdks/Microsoft.NET.Sdk/targets/Microsoft.NET.RuntimeIdentifierInference.targets(385,5): message NETSDK1057: You are using a preview version of .NET. See: https://aka.ms/dotnet-support-policy [/Users/shiki/.no-mistakes/worktrees/b6147a1cfc26/01KZ6B1K8VSGFF5WNVFC4H2RFW/src/Vexel.Telegram.Generators/Vexel.Telegram.Generators.csproj]
/Users/shiki/.local/share/mise/dotnet-root/sdk/11.0.100-preview.6.26359.118/Sdks/Microsoft.NET.Sdk/targets/Microsoft.NET.RuntimeIdentifierInference.targets(385,5): message NETSDK1057: You are using a preview version of .NET. See: https://aka.ms/dotnet-support-policy [/Users/shiki/.no-mistakes/worktrees/b6147a1cfc26/01KZ6B1K8VSGFF5WNVFC4H2RFW/src/Vexel.Telegram.Client/Vexel.Telegram.Client.csproj::TargetFramework=net10.0]
/Users/shiki/.local/share/mise/dotnet-root/sdk/11.0.100-preview.6.26359.118/Sdks/Microsoft.NET.Sdk/targets/Microsoft.NET.RuntimeIdentifierInference.targets(385,5): message NETSDK1057: You are using a preview version of .NET. See: https://aka.ms/dotnet-support-policy [/Users/shiki/.no-mistakes/worktrees/b6147a1cfc26/01KZ6B1K8VSGFF5WNVFC4H2RFW/src/Vexel.Telegram.Client/Vexel.Telegram.Client.csproj::TargetFramework=net9.0]
/Users/shiki/.local/share/mise/dotnet-root/sdk/11.0.100-preview.6.26359.118/Sdks/Microsoft.NET.Sdk/targets/Microsoft.NET.RuntimeIdentifierInference.targets(385,5): message NETSDK1057: You are using a preview version of .NET. See: https://aka.ms/dotnet-support-policy [/Users/shiki/.no-mistakes/worktrees/b6147a1cfc26/01KZ6B1K8VSGFF5WNVFC4H2RFW/src/Vexel.Telegram.Client/Vexel.Telegram.Client.csproj::TargetFramework=net11.0]
/Users/shiki/.local/share/mise/dotnet-root/sdk/11.0.100-preview.6.26359.118/Sdks/Microsoft.NET.Sdk/targets/Microsoft.NET.RuntimeIdentifierInference.targets(385,5): message NETSDK1057: You are using a preview version of .NET. See: https://aka.ms/dotnet-support-policy [/Users/shiki/.no-mistakes/worktrees/b6147a1cfc26/01KZ6B1K8VSGFF5WNVFC4H2RFW/src/Vexel.Telegram.Hosting/Vexel.Telegram.Hosting.csproj::TargetFramework=net8.0]
/Users/shiki/.local/share/mise/dotnet-root/sdk/11.0.100-preview.6.26359.118/Sdks/Microsoft.NET.Sdk/targets/Microsoft.NET.RuntimeIdentifierInference.targets(385,5): message NETSDK1057: You are using a preview version of .NET. See: https://aka.ms/dotnet-support-policy [/Users/shiki/.no-mistakes/worktrees/b6147a1cfc26/01KZ6B1K8VSGFF5WNVFC4H2RFW/src/Vexel.Telegram.Hosting/Vexel.Telegram.Hosting.csproj::TargetFramework=net10.0]
/Users/shiki/.local/share/mise/dotnet-root/sdk/11.0.100-preview.6.26359.118/Sdks/Microsoft.NET.Sdk/targets/Microsoft.NET.RuntimeIdentifierInference.targets(385,5): message NETSDK1057: You are using a preview version of .NET. See: https://aka.ms/dotnet-support-policy [/Users/shiki/.no-mistakes/worktrees/b6147a1cfc26/01KZ6B1K8VSGFF5WNVFC4H2RFW/src/Vexel.Telegram.Hosting/Vexel.Telegram.Hosting.csproj::TargetFramework=net11.0]
/Users/shiki/.local/share/mise/dotnet-root/sdk/11.0.100-preview.6.26359.118/Sdks/Microsoft.NET.Sdk/targets/Microsoft.NET.RuntimeIdentifierInference.targets(385,5): message NETSDK1057: You are using a preview version of .NET. See: https://aka.ms/dotnet-support-policy [/Users/shiki/.no-mistakes/worktrees/b6147a1cfc26/01KZ6B1K8VSGFF5WNVFC4H2RFW/src/Vexel.Telegram.Hosting/Vexel.Telegram.Hosting.csproj::TargetFramework=net9.0]
/Users/shiki/.local/share/mise/dotnet-root/sdk/11.0.100-preview.6.26359.118/Sdks/Microsoft.NET.Sdk/targets/Microsoft.NET.RuntimeIdentifierInference.targets(385,5): message NETSDK1057: You are using a preview version of .NET. See: https://aka.ms/dotnet-support-policy [/Users/shiki/.no-mistakes/worktrees/b6147a1cfc26/01KZ6B1K8VSGFF5WNVFC4H2RFW/src/Vexel.Telegram.Handlers/Vexel.Telegram.Handlers.csproj::TargetFramework=net11.0]
/Users/shiki/.local/share/mise/dotnet-root/sdk/11.0.100-preview.6.26359.118/Sdks/Microsoft.NET.Sdk/targets/Microsoft.NET.RuntimeIdentifierInference.targets(385,5): message NETSDK1057: You are using a preview version of .NET. See: https://aka.ms/dotnet-support-policy [/Users/shiki/.no-mistakes/worktrees/b6147a1cfc26/01KZ6B1K8VSGFF5WNVFC4H2RFW/src/Vexel.Telegram.Handlers/Vexel.Telegram.Handlers.csproj::TargetFramework=net10.0]
/Users/shiki/.local/share/mise/dotnet-root/sdk/11.0.100-preview.6.26359.118/Sdks/Microsoft.NET.Sdk/targets/Microsoft.NET.RuntimeIdentifierInference.targets(385,5): message NETSDK1057: You are using a preview version of .NET. See: https://aka.ms/dotnet-support-policy [/Users/shiki/.no-mistakes/worktrees/b6147a1cfc26/01KZ6B1K8VSGFF5WNVFC4H2RFW/src/Vexel.Telegram.Handlers/Vexel.Telegram.Handlers.csproj::TargetFramework=net9.0]
/Users/shiki/.local/share/mise/dotnet-root/sdk/11.0.100-preview.6.26359.118/Sdks/Microsoft.NET.Sdk/targets/Microsoft.NET.RuntimeIdentifierInference.targets(385,5): message NETSDK1057: You are using a preview version of .NET. See: https://aka.ms/dotnet-support-policy [/Users/shiki/.no-mistakes/worktrees/b6147a1cfc26/01KZ6B1K8VSGFF5WNVFC4H2RFW/src/Vexel.Telegram/Vexel.Telegram.csproj::TargetFramework=net8.0]
  Vexel.Telegram.Client -> /Users/shiki/.no-mistakes/worktrees/b6147a1cfc26/01KZ6B1K8VSGFF5WNVFC4H2RFW/src/Vexel.Telegram.Client/bin/Release/net10.0/Vexel.Telegram.Client.dll
  Vexel.Telegram.Client -> /Users/shiki/.no-mistakes/worktrees/b6147a1cfc26/01KZ6B1K8VSGFF5WNVFC4H2RFW/src/Vexel.Telegram.Client/bin/Release/net8.0/Vexel.Telegram.Client.dll
  Vexel.Telegram.Client -> /Users/shiki/.no-mistakes/worktrees/b6147a1cfc26/01KZ6B1K8VSGFF5WNVFC4H2RFW/src/Vexel.Telegram.Client/bin/Release/net9.0/Vexel.Telegram.Client.dll
  Vexel.Telegram.Client -> /Users/shiki/.no-mistakes/worktrees/b6147a1cfc26/01KZ6B1K8VSGFF5WNVFC4H2RFW/src/Vexel.Telegram.Client/bin/Release/net11.0/Vexel.Telegram.Client.dll
  Vexel.Telegram.Generators -> /Users/shiki/.no-mistakes/worktrees/b6147a1cfc26/01KZ6B1K8VSGFF5WNVFC4H2RFW/src/Vexel.Telegram.Generators/bin/Release/netstandard2.0/Vexel.Telegram.Generators.dll
  Vexel.Telegram.Hosting -> /Users/shiki/.no-mistakes/worktrees/b6147a1cfc26/01KZ6B1K8VSGFF5WNVFC4H2RFW/src/Vexel.Telegram.Hosting/bin/Release/net10.0/Vexel.Telegram.Hosting.dll
  Vexel.Telegram.Hosting -> /Users/shiki/.no-mistakes/worktrees/b6147a1cfc26/01KZ6B1K8VSGFF5WNVFC4H2RFW/src/Vexel.Telegram.Hosting/bin/Release/net11.0/Vexel.Telegram.Hosting.dll
  Vexel.Telegram.Handlers -> /Users/shiki/.no-mistakes/worktrees/b6147a1cfc26/01KZ6B1K8VSGFF5WNVFC4H2RFW/src/Vexel.Telegram.Handlers/bin/Release/net11.0/Vexel.Telegram.Handlers.dll
  Vexel.Telegram.Hosting -> /Users/shiki/.no-mistakes/worktrees/b6147a1cfc26/01KZ6B1K8VSGFF5WNVFC4H2RFW/src/Vexel.Telegram.Hosting/bin/Release/net8.0/Vexel.Telegram.Hosting.dll
  Vexel.Telegram.Handlers -> /Users/shiki/.no-mistakes/worktrees/b6147a1cfc26/01KZ6B1K8VSGFF5WNVFC4H2RFW/src/Vexel.Telegram.Handlers/bin/Release/net8.0/Vexel.Telegram.Handlers.dll
  Vexel.Telegram.Hosting -> /Users/shiki/.no-mistakes/worktrees/b6147a1cfc26/01KZ6B1K8VSGFF5WNVFC4H2RFW/src/Vexel.Telegram.Hosting/bin/Release/net9.0/Vexel.Telegram.Hosting.dll
  Vexel.Telegram.Handlers -> /Users/shiki/.no-mistakes/worktrees/b6147a1cfc26/01KZ6B1K8VSGFF5WNVFC4H2RFW/src/Vexel.Telegram.Handlers/bin/Release/net9.0/Vexel.Telegram.Handlers.dll
  Vexel.Telegram.Handlers -> /Users/shiki/.no-mistakes/worktrees/b6147a1cfc26/01KZ6B1K8VSGFF5WNVFC4H2RFW/src/Vexel.Telegram.Handlers/bin/Release/net10.0/Vexel.Telegram.Handlers.dll
  Vexel.Telegram -> /Users/shiki/.no-mistakes/worktrees/b6147a1cfc26/01KZ6B1K8VSGFF5WNVFC4H2RFW/src/Vexel.Telegram/bin/Release/net9.0/Vexel.Telegram.dll
  Vexel.Telegram -> /Users/shiki/.no-mistakes/worktrees/b6147a1cfc26/01KZ6B1K8VSGFF5WNVFC4H2RFW/src/Vexel.Telegram/bin/Release/net11.0/Vexel.Telegram.dll
  Vexel.Telegram -> /Users/shiki/.no-mistakes/worktrees/b6147a1cfc26/01KZ6B1K8VSGFF5WNVFC4H2RFW/src/Vexel.Telegram/bin/Release/net10.0/Vexel.Telegram.dll
  Vexel.Telegram -> /Users/shiki/.no-mistakes/worktrees/b6147a1cfc26/01KZ6B1K8VSGFF5WNVFC4H2RFW/src/Vexel.Telegram/bin/Release/net8.0/Vexel.Telegram.dll

Build succeeded.
    0 Warning(s)
    0 Error(s)

Time Elapsed 00:00:01.88
build exit: 0
