Test run for /Users/shiki/.no-mistakes/worktrees/b6147a1cfc26/01KZ7A4SGZYBCZ9ARZF18NT1S3/tests/Vexel.Telegram.Tests/bin/Debug/net10.0/Vexel.Telegram.Tests.dll (.NETCoreApp,Version=v10.0)
A total of 1 test files matched the specified pattern.
[xUnit.net 00:00:00.00] xUnit.net VSTest Adapter v3.1.5+1b188a7b0a (64-bit .NET 10.0.10)
[xUnit.net 00:00:00.03]   Discovering: Vexel.Telegram.Tests
[xUnit.net 00:00:00.05]   Discovered:  Vexel.Telegram.Tests
[xUnit.net 00:00:00.07]   Starting:    Vexel.Telegram.Tests
  Passed Vexel.Telegram.Tests.Routing.InlineQueryKeyExtractorTests.Extracts_first_token_and_trimmed_remainder(query: "hello world", expectedTrigger: "hello", expectedRemainder: "world") [2 ms]
  Passed Vexel.Telegram.Tests.Routing.CommandKeyExtractorTests.Extract_is_idempotent_for_common_shapes [2 ms]
  Passed Vexel.Telegram.Tests.Routing.CallbackKeyExtractorTests.Format_then_extract_roundtrips_key_only(routeKey: "menu") [2 ms]
  Passed Vexel.Telegram.Tests.Routing.CallbackKeyExtractorTests.Format_then_extract_roundtrips_key_only(routeKey: "item42") [< 1 ms]
  Passed Vexel.Telegram.Tests.Routing.InlineQueryKeyExtractorTests.Extracts_first_token_and_trimmed_remainder(query: "search", expectedTrigger: "search", expectedRemainder: "") [< 1 ms]
  Passed Vexel.Telegram.Tests.Routing.CallbackKeyExtractorTests.Format_then_extract_roundtrips_key_only(routeKey: "a") [< 1 ms]
  Passed Vexel.Telegram.Tests.Routing.InlineQueryKeyExtractorTests.Extracts_first_token_and_trimmed_remainder(query: "  search foo", expectedTrigger: "search", expectedRemainder: "foo") [< 1 ms]
  Passed Vexel.Telegram.Tests.Routing.CallbackKeyExtractorTests.Format_then_extract_roundtrips_key_only(routeKey: "ok") [< 1 ms]
  Passed Vexel.Telegram.Tests.Routing.InlineQueryKeyExtractorTests.Extracts_first_token_and_trimmed_remainder(query: "\tsearch\tfoo", expectedTrigger: "search", expectedRemainder: "foo") [< 1 ms]
  Passed Vexel.Telegram.Tests.Routing.InlineQueryKeyExtractorTests.Extracts_first_token_and_trimmed_remainder(query: "search  foo  bar", expectedTrigger: "search", expectedRemainder: "foo  bar") [< 1 ms]
  Passed Vexel.Telegram.Tests.Routing.InlineQueryKeyExtractorTests.Extracts_first_token_and_trimmed_remainder(query: "   ", expectedTrigger: "", expectedRemainder: "") [< 1 ms]
  Passed Vexel.Telegram.Tests.Routing.InlineQueryKeyExtractorTests.Extracts_first_token_and_trimmed_remainder(query: "", expectedTrigger: "", expectedRemainder: "") [< 1 ms]
  Passed Vexel.Telegram.Tests.Routing.InlineQueryKeyExtractorTests.Extracts_first_token_and_trimmed_remainder(query: "SEARCH FOO", expectedTrigger: "SEARCH", expectedRemainder: "FOO") [< 1 ms]
  Passed Vexel.Telegram.Tests.Routing.CallbackKeyExtractorTests.Extracts_key_and_suffix(data: "|only-suffix", expectedKey: "", expectedSuffix: "only-suffix") [< 1 ms]
  Passed Vexel.Telegram.Tests.Routing.InlineQueryKeyExtractorTests.Extracts_first_token_and_trimmed_remainder(query: "search foo", expectedTrigger: "search", expectedRemainder: "foo") [< 1 ms]
  Passed Vexel.Telegram.Tests.Routing.InlineQueryKeyExtractorTests.Extracts_first_token_and_trimmed_remainder(query: null, expectedTrigger: "", expectedRemainder: "") [< 1 ms]
  Passed Vexel.Telegram.Tests.Routing.CallbackKeyExtractorTests.Extracts_key_and_suffix(data: "confirm|42", expectedKey: "confirm", expectedSuffix: "42") [< 1 ms]
  Passed Vexel.Telegram.Tests.Routing.CallbackKeyExtractorTests.Extracts_key_and_suffix(data: "", expectedKey: "", expectedSuffix: "") [< 1 ms]
  Passed Vexel.Telegram.Tests.Routing.CallbackKeyExtractorTests.Extracts_key_and_suffix(data: "confirm", expectedKey: "confirm", expectedSuffix: "") [< 1 ms]
  Passed Vexel.Telegram.Tests.Routing.CallbackKeyExtractorTests.Extracts_key_and_suffix(data: "pick|a|b|c", expectedKey: "pick", expectedSuffix: "a|b|c") [< 1 ms]
  Passed Vexel.Telegram.Tests.Routing.CommandKeyExtractorTests.Unknown_bot_username_accepts_suffixed_command [< 1 ms]
  Passed Vexel.Telegram.Tests.Routing.CallbackKeyExtractorTests.Format_then_extract_roundtrips_key_and_suffix(routeKey: "x", suffix: "suffix with spaces") [< 1 ms]
  Passed Vexel.Telegram.Tests.Routing.CallbackKeyExtractorTests.Format_then_extract_roundtrips_key_and_suffix(routeKey: "menu", suffix: "") [< 1 ms]
  Passed Vexel.Telegram.Tests.Routing.CallbackKeyExtractorTests.Format_then_extract_roundtrips_key_and_suffix(routeKey: "ok", suffix: "1") [< 1 ms]
  Passed Vexel.Telegram.Tests.Routing.CallbackKeyExtractorTests.Format_then_extract_roundtrips_key_and_suffix(routeKey: "pick", suffix: "a|b|c") [< 1 ms]
  Passed Vexel.Telegram.Tests.Routing.CommandKeyExtractorTests.Split_overload_reports_null_suffix_when_absent [< 1 ms]
  Passed Vexel.Telegram.Tests.Routing.CallbackKeyExtractorTests.Null_data_is_not_extractable [< 1 ms]
  Passed Vexel.Telegram.Tests.Flows.MemoryFlowStoreTests.Expired_entry_is_cleared_on_read [4 ms]
  Passed Vexel.Telegram.Tests.Routing.CommandKeyExtractorTests.Mid_message_bot_command_entity_is_ignored [< 1 ms]
  Passed Vexel.Telegram.Tests.Routing.CommandKeyExtractorTests.Extracts_plain_command_and_args [< 1 ms]
  Passed Vexel.Telegram.Tests.Routing.CallbackKeyExtractorTests.Extract_is_stable_across_repeated_calls [< 1 ms]
  Passed Vexel.Telegram.Tests.Routing.CommandKeyExtractorTests.Empty_text_is_not_a_command [< 1 ms]
  Passed Vexel.Telegram.Tests.Routing.CommandKeyExtractorTests.Bare_at_command_is_rejected [< 1 ms]
  Passed Vexel.Telegram.Tests.Routing.CommandKeyExtractorTests.Command_without_arguments_yields_empty_args [< 1 ms]
  Passed Vexel.Telegram.Tests.Routing.CommandKeyExtractorTests.Trims_argument_whitespace [< 1 ms]
  Passed Vexel.Telegram.Tests.Routing.CommandKeyExtractorTests.Preserves_command_casing_from_message(text: "/Ping", expectedCommand: "Ping") [< 1 ms]
  Passed Vexel.Telegram.Tests.Routing.CommandKeyExtractorTests.Preserves_command_casing_from_message(text: "/pInG", expectedCommand: "pInG") [< 1 ms]
  Passed Vexel.Telegram.Tests.Routing.CommandKeyExtractorTests.Preserves_command_casing_from_message(text: "/PING", expectedCommand: "PING") [< 1 ms]
  Passed Vexel.Telegram.Tests.Flows.MemoryFlowStoreTests.Get_is_non_destructive [< 1 ms]
  Passed Vexel.Telegram.Tests.Routing.CommandKeyExtractorTests.Ignores_caption_only_messages [< 1 ms]
  Passed Vexel.Telegram.Tests.Routing.CommandKeyExtractorTests.Non_command_entity_at_offset_zero_is_ignored [< 1 ms]
  Passed Vexel.Telegram.Tests.Routing.CallbackKeyExtractorTests.Format_rejects_blank_and_pipe_in_key [< 1 ms]
  Passed Vexel.Telegram.Tests.Routing.CommandKeyExtractorTests.Accepts_matching_bot_suffix [< 1 ms]
  Passed Vexel.Telegram.Tests.Routing.CommandKeyExtractorTests.Split_overload_reports_bot_suffix_separately [< 1 ms]
  Passed Vexel.Telegram.Tests.Routing.CommandKeyExtractorTests.Rejects_foreign_bot_suffix [< 1 ms]
  Passed Vexel.Telegram.Tests.Flows.MemoryFlowStoreTests.Sweep_keeps_entries_rearmed_after_expiry_check [< 1 ms]
  Passed Vexel.Telegram.Tests.Flows.MemoryFlowStoreTests.Complete_removes_entry [< 1 ms]
  Passed Vexel.Telegram.Tests.Routing.InlineQueryKeyExtractorTests.Extract_is_idempotent [2 ms]
  Passed Vexel.Telegram.Tests.Routing.InlineQueryKeyExtractorTests.Single_token_with_trailing_whitespace_has_empty_remainder [< 1 ms]
  Passed Vexel.Telegram.Tests.Routing.InlineQueryKeyExtractorTests.Never_uses_inline_query_id_shape_as_input [< 1 ms]
  Passed Vexel.Telegram.Tests.Routing.CommandArgumentBinderTests.TryParseEnum_rejects_undefined(text: "Purple") [< 1 ms]
  Passed Vexel.Telegram.Tests.Routing.CommandArgumentBinderTests.TryParseEnum_rejects_undefined(text: "") [< 1 ms]
  Passed Vexel.Telegram.Tests.Routing.CommandArgumentBinderTests.TryParseEnum_rejects_undefined(text: "99") [< 1 ms]
  Passed Vexel.Telegram.Tests.Dispatch.UpdateLaneKeyTests.ChosenInlineResult_UsesFromId [1 ms]
  Passed Vexel.Telegram.Tests.Dispatch.UpdateLaneKeyTests.Empty_update_uses_global_lane [< 1 ms]
  Passed Vexel.Telegram.Tests.Dispatch.UpdateLaneKeyTests.Message_UsesChatId [< 1 ms]
  Passed Vexel.Telegram.Tests.Flows.MemoryFlowStoreTests.Abandoned_entries_are_swept_by_later_writes [2 ms]
  Passed Vexel.Telegram.Tests.Dispatch.UpdateLaneKeyTests.CallbackQuery_UsesMessageChatId_WhenPresent [< 1 ms]
  Passed Vexel.Telegram.Tests.Dispatch.UpdateLaneKeyTests.CallbackQuery_FallsBackToFromId_WhenChatless [< 1 ms]
  Passed Vexel.Telegram.Tests.Routing.CommandArgumentBinderTests.TryParseEnum_is_case_insensitive_and_defined_only(text: "BLUE", expected: Blue) [1 ms]
  Passed Vexel.Telegram.Tests.Dispatch.UpdateLaneKeyTests.Poll_UsesGlobalLane [< 1 ms]
  Passed Vexel.Telegram.Tests.Routing.CommandArgumentBinderTests.TryParseEnum_is_case_insensitive_and_defined_only(text: "green", expected: Green) [< 1 ms]
  Passed Vexel.Telegram.Tests.Routing.CommandArgumentBinderTests.TryParseEnum_is_case_insensitive_and_defined_only(text: "Red", expected: Red) [< 1 ms]
  Passed Vexel.Telegram.Tests.Routing.CommandArgumentBinderTests.TryParseInt_rejects_non_integers(text: "   ") [< 1 ms]
  Passed Vexel.Telegram.Tests.Routing.CommandArgumentBinderTests.TryParseInt_rejects_non_integers(text: "") [< 1 ms]
  Passed Vexel.Telegram.Tests.Routing.CommandArgumentBinderTests.TryParseInt_rejects_non_integers(text: "1.5") [< 1 ms]
  Passed Vexel.Telegram.Tests.Routing.CommandArgumentBinderTests.TryParseInt_rejects_non_integers(text: "abc") [< 1 ms]
  Passed Vexel.Telegram.Tests.Routing.CommandArgumentBinderTests.TryParseInt_rejects_non_integers(text: "2147483648") [< 1 ms]
  Passed Vexel.Telegram.Tests.Dispatch.UpdateLaneKeyTests.MyChatMember_UsesChatId [< 1 ms]
  Passed Vexel.Telegram.Tests.Dispatch.UpdateLaneKeyTests.EditedMessage_UsesChatId [< 1 ms]
  Passed Vexel.Telegram.Tests.Dispatch.UpdateLaneKeyTests.ChannelPost_UsesChatId [< 1 ms]
  Passed Vexel.Telegram.Tests.Dispatch.UpdateLaneKeyTests.Lane_key_is_stable_across_repeated_reads [< 1 ms]
  Passed Vexel.Telegram.Tests.Dispatch.UpdateLaneKeyTests.InlineQuery_UsesFromId [< 1 ms]
  Passed Vexel.Telegram.Tests.Routing.CommandArgumentBinderTests.Trailing_string_takes_rest [< 1 ms]
  Passed Vexel.Telegram.Tests.Routing.CommandArgumentBinderTests.TryParseBool_rejects_non_bool_tokens(text: "1") [< 1 ms]
  Passed Vexel.Telegram.Tests.Routing.CommandArgumentBinderTests.TryParseBool_rejects_non_bool_tokens(text: "") [< 1 ms]
  Passed Vexel.Telegram.Tests.Routing.CommandArgumentBinderTests.TryParseBool_rejects_non_bool_tokens(text: "yes") [< 1 ms]
  Passed Vexel.Telegram.Tests.Routing.CommandArgumentBinderTests.TryParseBool_is_case_insensitive(text: "true", expected: True) [1 ms]
  Passed Vexel.Telegram.Tests.Routing.CommandArgumentBinderTests.TryParseBool_is_case_insensitive(text: "TRUE", expected: True) [< 1 ms]
  Passed Vexel.Telegram.Tests.Routing.CommandArgumentBinderTests.TryParseBool_is_case_insensitive(text: "False", expected: False) [< 1 ms]
  Passed Vexel.Telegram.Tests.Routing.CommandArgumentBinderTests.Single_trailing_string_token_is_the_whole_payload [< 1 ms]
  Passed Vexel.Telegram.Tests.Routing.CommandArgumentBinderTests.TryParseDecimal_rejects_bad_input(text: "1.2.3") [< 1 ms]
  Passed Vexel.Telegram.Tests.Routing.CommandArgumentBinderTests.TryParseDecimal_rejects_bad_input(text: "abc") [< 1 ms]
  Passed Vexel.Telegram.Tests.Routing.CommandArgumentBinderTests.TryParseDecimal_rejects_bad_input(text: "") [< 1 ms]
  Passed Vexel.Telegram.Tests.Routing.CommandArgumentBinderTests.Leftover_tokens_fail_when_trailing_does_not_take_rest [< 1 ms]
  Passed Vexel.Telegram.Tests.Routing.CommandArgumentBinderTests.Missing_non_string_token_fails [< 1 ms]
  Passed Vexel.Telegram.Tests.Routing.CommandArgumentBinderTests.Trailing_string_may_be_empty_when_earlier_tokens_present [< 1 ms]
  Passed Vexel.Telegram.Tests.Routing.CommandArgumentBinderTests.Empty_payload_without_trailing_string_fails_for_required_token [< 1 ms]
  Passed Vexel.Telegram.Tests.Routing.CommandArgumentBinderTests.Tokenize_is_stable_under_repeated_calls [< 1 ms]
  Passed Vexel.Telegram.Tests.Routing.TelegramRouterRegistrationTests.Telegram_router_resolves_when_an_app_router_is_registered_last [11 ms]
  Passed Vexel.Telegram.Tests.Routing.CommandArgumentBinderTests.Parses_primitives [1 ms]
  Passed Vexel.Telegram.Tests.Routing.CommandArgumentBinderTests.Multi_token_trailing_rest_preserves_interior_whitespace_after_first_cut [< 1 ms]
  Passed Vexel.Telegram.Tests.Routing.CommandArgumentBinderTests.Exact_token_count_without_trailing_rest_succeeds [< 1 ms]
  Passed Vexel.Telegram.Tests.Routing.CommandArgumentBinderTests.Empty_payload_with_trailing_string_yields_empty_token [< 1 ms]
  Passed Vexel.Telegram.Tests.Flows.FlowTests.CancelAsync_clears_store [12 ms]
  Passed Vexel.Telegram.Tests.Flows.FlowRouterTests.Caption_binds_as_flow_payload [12 ms]
  Passed Vexel.Telegram.Tests.Routing.TelegramRouterRegistrationTests.Router_is_registered_once_even_when_called_twice [1 ms]
  Passed Vexel.Telegram.Tests.Routing.RouterMatrixTests.Handler_exception_is_isolated_per_kind(kind: "inline") [13 ms]
  Passed Vexel.Telegram.Tests.Routing.TelegramRouterRegistrationTests.App_registered_router_does_not_suppress_the_Telegram_router [< 1 ms]
  Passed Vexel.Telegram.Tests.Flows.FlowTests.PromptAsync_arms_step_with_default_ttl [< 1 ms]
  Passed Vexel.Telegram.Tests.Routing.RouterMatrixTests.Handler_exception_is_isolated_per_kind(kind: "callback") [< 1 ms]
  Passed Vexel.Telegram.Tests.Routing.TelegramRouterTests.GetMe_failure_is_retried_and_does_not_latch [13 ms]
  Passed Vexel.Telegram.Tests.Routing.RouterMatrixTests.Handler_exception_is_isolated_per_kind(kind: "chosen") [< 1 ms]
  Passed Vexel.Telegram.Tests.Routing.RouterMatrixTests.Handler_exception_is_isolated_per_kind(kind: "command") [< 1 ms]
  Passed Vexel.Telegram.Tests.Routing.TelegramRouterTests.Routes_command_to_binder [< 1 ms]
  Passed Vexel.Telegram.Tests.Routing.CallbackRouterTests.Throw_before_answer_sends_exactly_one_default_answer [14 ms]
  Passed Vexel.Telegram.Tests.Routing.TelegramRouterTests.Command_keys_match_case_insensitively(text: "/pInG  x y", expectedPayload: "x y") [< 1 ms]
  Passed Vexel.Telegram.Tests.Flows.FlowRouterTests.Success_with_rearm_keeps_new_step [1 ms]
  Passed Vexel.Telegram.Tests.Routing.TelegramRouterTests.Command_keys_match_case_insensitively(text: "/PING hello", expectedPayload: "hello") [< 1 ms]
  Passed Vexel.Telegram.Tests.Routing.TelegramRouterTests.Command_keys_match_case_insensitively(text: "/Ping", expectedPayload: "") [< 1 ms]
  Passed Vexel.Telegram.Tests.Routing.RouterMatrixTests.Binding_failure_logs_warning_and_does_not_throw(kind: "command") [< 1 ms]
  Passed Vexel.Telegram.Tests.Routing.RouterMatrixTests.Binding_failure_logs_warning_and_does_not_throw(kind: "inline") [< 1 ms]
  Passed Vexel.Telegram.Tests.Routing.TelegramRouterTests.Same_assembly_contributed_twice_points_at_the_double_registration [< 1 ms]
  Passed Vexel.Telegram.Tests.Routing.RouterMatrixTests.Binding_failure_logs_warning_and_does_not_throw(kind: "chosen") [< 1 ms]
  Passed Vexel.Telegram.Tests.Routing.RouterMatrixTests.Binding_failure_logs_warning_and_does_not_throw(kind: "callback") [< 1 ms]
  Passed Vexel.Telegram.Tests.Flows.FlowRouterTests.Flow_step_binding_failure_keeps_state_armed [< 1 ms]
  Passed Vexel.Telegram.Tests.Routing.CallbackRouterTests.Unmatched_callback_key_logs_below_warning [< 1 ms]
  Passed Vexel.Telegram.Tests.Routing.TelegramRouterTests.Raw_only_update_kinds_do_not_invoke_message_routes_or_OnMessage [< 1 ms]
  Passed Vexel.Telegram.Tests.Routing.InlineRouterTests.Trigger_routes_on_first_token_with_remainder_payload(query: "search foo", expectedTrigger: "search", expectedPayload: "foo") [15 ms]
  Passed Vexel.Telegram.Tests.Flows.FlowRouterTests.Unknown_slash_command_mid_flow_does_not_eat_message [< 1 ms]
  Passed Vexel.Telegram.Tests.Routing.InlineRouterTests.Trigger_routes_on_first_token_with_remainder_payload(query: "search", expectedTrigger: "search", expectedPayload: "") [< 1 ms]
  Passed Vexel.Telegram.Tests.Routing.InlineRouterTests.Trigger_routes_on_first_token_with_remainder_payload(query: "search  bar baz", expectedTrigger: "search", expectedPayload: "bar baz") [< 1 ms]
  Passed Vexel.Telegram.Tests.Routing.TelegramRouterTests.Suffixed_command_for_another_bot_is_skipped [< 1 ms]
  Passed Vexel.Telegram.Tests.Routing.CallbackRouterTests.Successful_handler_answer_is_not_duplicated_by_obligation [< 1 ms]
  Passed Vexel.Telegram.Tests.Routing.InlineRouterTests.Inline_updates_do_not_warn_when_no_inline_routes_are_registered [2 ms]
  Passed Vexel.Telegram.Tests.Routing.RouterMatrixTests.Cancellation_during_routed_stage_does_not_run_On_handlers [3 ms]
  Passed Vexel.Telegram.Tests.Flows.FlowRouterTests.Step_throw_can_opt_out_of_generic_error_reply [2 ms]
  Passed Vexel.Telegram.Tests.Routing.OnFanOutTests.Routed_handler_runs_before_On_handlers [10 ms]
  Passed Vexel.Telegram.Tests.Routing.TelegramRouterTests.CommandMetadata_is_sorted_by_name [2 ms]
  Passed Vexel.Telegram.Tests.Routing.CallbackRouterTests.Answer_then_throw_sends_no_second_answer [2 ms]
  Passed Vexel.Telegram.Tests.Routing.InlineRouterTests.Empty_or_unmatched_query_routes_to_default_with_full_query_text(query: "") [< 1 ms]
  Passed Vexel.Telegram.Tests.Routing.InlineRouterTests.Empty_or_unmatched_query_routes_to_default_with_full_query_text(query: "hello world") [< 1 ms]
  Passed Vexel.Telegram.Tests.Routing.OnFanOutTests.On_handlers_still_run_when_routed_command_handler_throws [< 1 ms]
  Passed Vexel.Telegram.Tests.Routing.InlineRouterTests.Empty_or_unmatched_query_routes_to_default_with_full_query_text(query: "SEARCH foo") [< 1 ms]
  Passed Vexel.Telegram.Tests.Routing.TelegramRouterTests.Command_handler_exception_is_isolated_and_does_not_throw [< 1 ms]
  Passed Vexel.Telegram.Tests.Flows.FlowRouterTests.Success_with_cancel_inside_step_does_not_rearm [< 1 ms]
  Passed Vexel.Telegram.Tests.Routing.CallbackRouterTests.Routes_callback_key_and_suffix_to_binder [< 1 ms]
  Passed Vexel.Telegram.Tests.Routing.OnFanOutTests.Duplicate_On_contribution_from_one_assembly_fails_fast [< 1 ms]
  Passed Vexel.Telegram.Tests.Routing.TelegramRouterTests.Plain_command_does_not_call_GetMe [< 1 ms]
  Passed Vexel.Telegram.Tests.Routing.TelegramRouterTests.Duplicate_cross_assembly_keys_fail_fast [< 1 ms]
  Passed Vexel.Telegram.Tests.Routing.RouterMatrixTests.Routed_hit_then_On_then_raw_order_is_stable_for_every_kind [1 ms]
  Passed Vexel.Telegram.Tests.Flows.FlowRouterTests.Stale_step_key_clears_state_without_invoking_handler [< 1 ms]
  Passed Vexel.Telegram.Tests.Routing.OnFanOutTests.On_handlers_run_when_the_routed_stage_faults_on_infrastructure [< 1 ms]
  Passed Vexel.Telegram.Tests.Routing.TelegramRouterTests.Duplicate_cross_assembly_flow_steps_fail_fast [< 1 ms]
  Passed Vexel.Telegram.Tests.Routing.CallbackRouterTests.Empty_record_callback_ignores_suffix [< 1 ms]
  Passed Vexel.Telegram.Tests.Routing.InlineRouterTests.Already_answered_rejection_of_default_answer_is_not_a_warning [< 1 ms]
  Passed Vexel.Telegram.Tests.Routing.RouterMatrixTests.Caption_never_command_routes_even_with_caption_entities [< 1 ms]
  Passed Vexel.Telegram.Tests.Routing.CallbackRouterTests.Duplicate_cross_assembly_callback_keys_fail_fast [< 1 ms]
  Passed Vexel.Telegram.Tests.Routing.TelegramRouterTests.Suffixed_command_for_this_bot_is_routed [< 1 ms]
  Passed Vexel.Telegram.Tests.Routing.OnFanOutTests.Chosen_On_handlers_run_after_routed_chosen_result [< 1 ms]
  Passed Vexel.Telegram.Tests.Routing.CallbackRouterTests.Callback_updates_do_not_warn_when_no_callback_routes_are_registered [< 1 ms]
  Passed Vexel.Telegram.Tests.Routing.TelegramRouterTests.Binding_failure_logs_warning_and_skips_handler_body [< 1 ms]
  Passed Vexel.Telegram.Tests.Routing.InlineRouterTests.Successful_handler_answer_is_not_duplicated_by_obligation [< 1 ms]
  Passed Vexel.Telegram.Tests.Routing.OnFanOutTests.Inline_On_handlers_run_after_routed_inline_query [< 1 ms]
  Passed Vexel.Telegram.Tests.Routing.RouterMatrixTests.Callback_and_inline_misses_still_discharge_answer_obligations [< 1 ms]
  Passed Vexel.Telegram.Tests.Routing.TelegramRouterTests.Skips_unknown_command [< 1 ms]
  Passed Vexel.Telegram.Tests.Routing.CallbackRouterTests.Unrouted_callback_is_answered_and_does_not_invoke_other_binders [< 1 ms]
  Passed Vexel.Telegram.Tests.Routing.OnFanOutTests.Cross_assembly_On_handlers_are_sorted_by_FQ_name_not_assembly_order [< 1 ms]
  Passed Vexel.Telegram.Tests.Routing.InlineRouterTests.Chosen_inline_result_routes_on_result_id_prefix [< 1 ms]
  Passed Vexel.Telegram.Tests.Routing.TelegramRouterTests.BotUsernameOverride_skips_GetMe_for_suffixed_commands [< 1 ms]
  Passed Vexel.Telegram.Tests.Flows.FlowRouterTests.Built_in_cancel_clears_state_and_confirms [1 ms]
  Passed Vexel.Telegram.Tests.Routing.OnFanOutTests.Callback_On_handlers_run_after_routed_callback [< 1 ms]
  Passed Vexel.Telegram.Tests.Routing.CallbackRouterTests.Already_answered_rejection_of_default_answer_is_not_a_warning [< 1 ms]
  Passed Vexel.Telegram.Tests.Routing.InlineRouterTests.Throw_before_answer_sends_exactly_one_default_empty_answer [< 1 ms]
  Passed Vexel.Telegram.Tests.Routing.OnFanOutTests.On_handlers_run_even_when_no_route_matches [< 1 ms]
  Passed Vexel.Telegram.Tests.Routing.CallbackRouterTests.Null_callback_data_is_unrouted_but_answered [< 1 ms]
  Passed Vexel.Telegram.Tests.Routing.OnFanOutTests.On_handlers_run_in_fully_qualified_metadata_name_order [< 1 ms]
  Passed Vexel.Telegram.Tests.Flows.FlowRouterTests.User_defined_cancel_command_wins_over_built_in [< 1 ms]
  Passed Vexel.Telegram.Tests.Routing.InlineRouterTests.Never_routes_on_Inline_query_id [< 1 ms]
  Passed Vexel.Telegram.Tests.Routing.OnFanOutTests.On_observers_sharing_a_display_name_across_assemblies_are_allowed [< 1 ms]
  Passed Vexel.Telegram.Tests.Routing.InlineRouterTests.Duplicate_cross_assembly_default_inline_handlers_fail_fast [< 1 ms]
  Passed Vexel.Telegram.Tests.Routing.OnFanOutTests.On_handler_fault_does_not_skip_remaining_On_handlers [< 1 ms]
  Passed Vexel.Telegram.Tests.Routing.InlineRouterTests.Duplicate_cross_assembly_chosen_keys_fail_fast [< 1 ms]
  Passed Vexel.Telegram.Tests.Flows.FlowRouterTests.Arm_then_text_invokes_flow_binder [< 1 ms]
  Passed Vexel.Telegram.Tests.Flows.FlowRouterTests.Built_in_cancel_without_armed_flow_stays_silent [< 1 ms]
  Passed Vexel.Telegram.Tests.Routing.OnFanOutTests.Cancellation_stops_On_fan_out_midway [< 1 ms]
  Passed Vexel.Telegram.Tests.Routing.InlineRouterTests.Unrouted_inline_query_is_answered_when_no_default_handler [< 1 ms]
  Passed Vexel.Telegram.Tests.Flows.FlowRouterTests.Known_command_wins_over_armed_flow_step [< 1 ms]
  Passed Vexel.Telegram.Tests.Routing.InlineRouterTests.Answer_then_throw_sends_no_second_answer [< 1 ms]
  Passed Vexel.Telegram.Tests.Flows.FlowRouterTests.Message_without_From_skips_flow_step [< 1 ms]
  Passed Vexel.Telegram.Tests.Routing.InlineRouterTests.Chosen_inline_result_without_suffix_binds_empty_string [< 1 ms]
  Passed Vexel.Telegram.Tests.Routing.InlineRouterTests.Duplicate_cross_assembly_inline_keys_fail_fast [< 1 ms]
  Passed Vexel.Telegram.Tests.Flows.FlowRouterTests.Command_for_another_bot_mid_flow_does_not_eat_message [< 1 ms]
  Passed Vexel.Telegram.Tests.Flows.FlowRouterTests.Success_without_rearm_auto_completes [< 1 ms]
  Passed Vexel.Telegram.Tests.Flows.FlowRouterTests.Step_throw_keeps_armed_and_sends_generic_reply [< 1 ms]
  Passed Vexel.Telegram.Tests.Flows.FlowRouterTests.Built_in_cancel_stays_silent_without_registered_flow_steps [< 1 ms]
  Passed Vexel.Telegram.Tests.Flows.FlowTests.Draft_round_trips_json_poco [12 ms]
  Passed Vexel.Telegram.Tests.Dispatch.UpdateSchedulerTests.SameChat_UpdatesAreSerializedInOrder [413 ms]
  Passed Vexel.Telegram.Tests.Dispatch.UpdateSchedulerTests.StopAsync_WindsDownWhenShutdownBudgetExpires [206 ms]
  Passed Vexel.Telegram.Tests.Dispatch.UpdateSchedulerTests.Dispatcher_ResolvesScopedHandlersPerUpdate [12 ms]
  Passed Vexel.Telegram.Tests.Dispatch.UpdateSchedulerTests.IdleLanes_AreEvicted [1 ms]
  Passed Vexel.Telegram.Tests.Dispatch.UpdateSchedulerTests.Dispatcher_RunsDualRegisteredHandlerOnce [1 ms]
  Passed Vexel.Telegram.Tests.Dispatch.UpdateSchedulerTests.StopAsync_DrainsBufferedUpdatesAndLeavesSchedulerUsable [829 ms]
  Passed Vexel.Telegram.Tests.Dispatch.UpdateSchedulerTests.Dispose_DrainsBufferedUpdates [848 ms]
  Passed Vexel.Telegram.Tests.Dispatch.UpdateSchedulerTests.Backpressure_WaitsWhenLaneIsFull [248 ms]
  Passed Vexel.Telegram.Tests.Dispatch.UpdateSchedulerTests.Dispose_IsIdempotentAndRejectsFurtherScheduling [< 1 ms]
  Passed Vexel.Telegram.Tests.Dispatch.UpdateSchedulerTests.SlowHandler_InOneChat_DoesNotBlockOtherChat [< 1 ms]
  Passed Vexel.Telegram.Tests.Dispatch.UpdateSchedulerTests.Dispatcher_IsolatesHandlerResolutionFaults [< 1 ms]
  Passed Vexel.Telegram.Tests.Dispatch.UpdateSchedulerTests.FaultIsolation_ExceptionDoesNotKillLaneOrOtherChats [90 ms]
  Passed Vexel.Telegram.Tests.Dispatch.UpdateSchedulerTests.CrossChat_UpdatesRunInParallel [1 ms]
  Passed Vexel.Telegram.Tests.Dispatch.UpdateSchedulerTests.Dispatcher_IsolatesRawHandlerFaults [< 1 ms]
  Passed Vexel.Telegram.Tests.Dispatch.UpdateSchedulerTests.Dispatcher_RunsHealthyHandlerWhenAnotherFailsToConstruct [< 1 ms]
[xUnit.net 00:00:02.85]   Finished:    Vexel.Telegram.Tests
  Passed Vexel.Telegram.Tests.Dispatch.UpdateSchedulerTests.StopAsync_DispatchesBufferedUpdatesWhileContainerIsAlive [1 ms]
  Passed Vexel.Telegram.Tests.Dispatch.UpdateSchedulerTests.Per_chat_order_holds_under_interleaved_multi_chat_schedule [97 ms]

Test Run Successful.
Total tests: 204
     Passed: 204
 Total time: 3.0354 Seconds
